[
    {
        "tagType": "tag",
        "tagName": "meta",
        "text": null,
        "charset": "utf-8",
        "classes": [],
        "children": []
    },
    {
        "tagType": "tag",
        "tagName": "meta",
        "text": null,
        "name": "viewport",
        "content": "width=device-width, initial-scale=1.0, minimum-scale=1.0, maximum-scale=5.0",
        "classes": [],
        "children": []
    },
    {
        "tagType": "tag",
        "tagName": "meta",
        "text": null,
        "http-equiv": "x-ua-compatible",
        "content": "IE=edge,chrome=1",
        "classes": [],
        "children": []
    },
    {
        "tagType": "tag",
        "tagName": "meta",
        "text": null,
        "http-equiv": "X-UA-Compatible",
        "content": "IE=11",
        "classes": [],
        "children": []
    },
    {
        "tagType": "tag",
        "tagName": "meta",
        "text": null,
        "name": "author",
        "content": "Author Name Here",
        "classes": [],
        "children": []
    },
    {
        "tagType": "tag",
        "tagName": "meta",
        "text": null,
        "name": "description",
        "content": "This is a test meta description",
        "classes": [],
        "children": []
    },
    {
        "tagType": "tag",
        "tagName": "meta",
        "text": null,
        "name": "keywords",
        "content": "HTML, CSS, JavaScript",
        "classes": [],
        "children": []
    },
    {
        "tagType": "tag",
        "tagName": "meta",
        "text": null,
        "name": "twitter:card",
        "content": "twitter-card",
        "classes": [],
        "children": []
    },
    {
        "tagType": "tag",
        "tagName": "meta",
        "text": null,
        "name": "twitter:site",
        "content": "@organisation",
        "classes": [],
        "children": []
    },
    {
        "tagType": "tag",
        "tagName": "meta",
        "text": null,
        "name": "twitter:title",
        "content": "Example Site Twitter Meta",
        "classes": [],
        "children": []
    },
    {
        "tagType": "tag",
        "tagName": "meta",
        "text": null,
        "name": "twitter:description",
        "content": "This is a test og twitter description tag",
        "classes": [],
        "children": []
    },
    {
        "tagType": "tag",
        "tagName": "meta",
        "text": null,
        "name": "twitter:creator",
        "content": "@handle",
        "classes": [],
        "children": []
    },
    {
        "tagType": "tag",
        "tagName": "meta",
        "text": null,
        "name": "twitter:image",
        "content": "https://example.com/twitter-social-image.jpg",
        "classes": [],
        "children": []
    },
    {
        "tagType": "tag",
        "tagName": "meta",
        "text": null,
        "property": "og:title",
        "content": "Example Site Title Meta",
        "classes": [],
        "children": []
    },
    {
        "tagType": "tag",
        "tagName": "meta",
        "text": null,
        "property": "og:type",
        "content": "article",
        "classes": [],
        "children": []
    },
    {
        "tagType": "tag",
        "tagName": "meta",
        "text": null,
        "property": "og:url",
        "content": "https://example.com",
        "classes": [],
        "children": []
    },
    {
        "tagType": "tag",
        "tagName": "meta",
        "text": null,
        "property": "og:image",
        "content": "https://example.com/social-image-1.jpg",
        "classes": [],
        "children": []
    },
    {
        "tagType": "tag",
        "tagName": "meta",
        "text": null,
        "property": "og:image",
        "content": "https://example.com/social-image-2.jpg",
        "classes": [],
        "children": []
    },
    {
        "tagType": "tag",
        "tagName": "meta",
        "text": null,
        "property": "og:description",
        "content": "This is a test og description tag",
        "classes": [],
        "children": []
    },
    {
        "tagType": "tag",
        "tagName": "meta",
        "text": null,
        "property": "og:site_name",
        "content": "Example Site Name Meta",
        "classes": [],
        "children": []
    }
]
